// Vitest Snapshot v1

exports[`ThankkYou > matches snapshot 1`] = `
<div>
  <h1
    class="text-xl mb-5 font-bold text-center lg:text-left"
  >
    Thank you confirming if you can attend
  </h1>
  <p>
    We can't wait to see you on the dance floor!
  </p>
</div>
`;
